Copyright 1986-2021 Xilinx, Inc. All Rights Reserved.
------------------------------------------------------------------------------------
| Tool Version : Vivado v.2021.2 (win64) Build 3367213 Tue Oct 19 02:48:09 MDT 2021
| Date         : Thu Apr 28 16:17:57 2022
| Host         : LAPTOP-00NBP5KM running 64-bit major release  (build 9200)
| Command      : report_control_sets -verbose -file top_control_sets_placed.rpt
| Design       : top
| Device       : xc7a100t
------------------------------------------------------------------------------------

Control Set Information

Table of Contents
-----------------
1. Summary
2. Histogram
3. Flip-Flop Distribution
4. Detailed Control Set Information

1. Summary
----------

+----------------------------------------------------------+-------+
|                          Status                          | Count |
+----------------------------------------------------------+-------+
| Total control sets                                       |    39 |
|    Minimum number of control sets                        |    39 |
|    Addition due to synthesis replication                 |     0 |
|    Addition due to physical synthesis replication        |     0 |
| Unused register locations in slices containing registers |    10 |
+----------------------------------------------------------+-------+
* Control sets can be merged at opt_design using control_set_merge or merge_equivalent_drivers
** Run report_qor_suggestions for automated merging and remapping suggestions


2. Histogram
------------

+--------------------+-------+
|       Fanout       | Count |
+--------------------+-------+
| Total control sets |    39 |
| >= 0 to < 4        |     1 |
| >= 4 to < 6        |     1 |
| >= 6 to < 8        |     0 |
| >= 8 to < 10       |     0 |
| >= 10 to < 12      |     0 |
| >= 12 to < 14      |     0 |
| >= 14 to < 16      |     1 |
| >= 16              |    36 |
+--------------------+-------+
* Control sets can be remapped at either synth_design or opt_design


3. Flip-Flop Distribution
-------------------------

+--------------+-----------------------+------------------------+-----------------+--------------+
| Clock Enable | Synchronous Set/Reset | Asynchronous Set/Reset | Total Registers | Total Slices |
+--------------+-----------------------+------------------------+-----------------+--------------+
| No           | No                    | No                     |              14 |            6 |
| No           | No                    | Yes                    |              56 |           26 |
| No           | Yes                   | No                     |               3 |            2 |
| Yes          | No                    | No                     |               0 |            0 |
| Yes          | No                    | Yes                    |            1029 |          632 |
| Yes          | Yes                   | No                     |               0 |            0 |
+--------------+-----------------------+------------------------+-----------------+--------------+


4. Detailed Control Set Information
-----------------------------------

+-------------------------+--------------------------------------------------------------------------------------------+------------------+------------------+----------------+--------------+
|       Clock Signal      |                                        Enable Signal                                       | Set/Reset Signal | Slice Load Count | Bel Load Count | Bels / Slice |
+-------------------------+--------------------------------------------------------------------------------------------+------------------+------------------+----------------+--------------+
|  test/ALUc/ALUcode_reg  |                                                                                            | rst_IBUF         |                2 |              3 |         1.50 |
|  clk_IBUF_BUFG          | test/ALUc/E[0]                                                                             | rst_IBUF         |                1 |              5 |         5.00 |
|  clk_IBUF_BUFG          |                                                                                            |                  |                6 |             14 |         2.33 |
|  clk_IBUF_BUFG          |                                                                                            | rst_IBUF         |                7 |             24 |         3.43 |
|  clk_IBUF_BUFG          | test/ALUc/out0_r[4]_i_4_0[0]                                                               | rst_IBUF         |               26 |             32 |         1.23 |
|  alu_pc_reg[31]_i_2_n_0 |                                                                                            | rst_IBUF         |               19 |             32 |         1.68 |
| ~alu_pc_reg[31]_i_2_n_0 | test/sdg/regfile[31][31]_i_1_n_0                                                           | rst_IBUF         |               18 |             32 |         1.78 |
| ~alu_pc_reg[31]_i_2_n_0 | test/sdg/regfile[8][31]_i_1_n_0                                                            | rst_IBUF         |               20 |             32 |         1.60 |
| ~alu_pc_reg[31]_i_2_n_0 | test/sdg/regfile[27][31]_i_1_n_0                                                           | rst_IBUF         |               29 |             32 |         1.10 |
| ~alu_pc_reg[31]_i_2_n_0 | test/sdg/regfile[14][31]_i_1_n_0                                                           | rst_IBUF         |               23 |             32 |         1.39 |
| ~alu_pc_reg[31]_i_2_n_0 | test/sdg/regfile[17][31]_i_1_n_0                                                           | rst_IBUF         |               21 |             32 |         1.52 |
| ~alu_pc_reg[31]_i_2_n_0 | test/sdg/regfile[11][31]_i_1_n_0                                                           | rst_IBUF         |               24 |             32 |         1.33 |
| ~alu_pc_reg[31]_i_2_n_0 | test/sdg/regfile[1][31]_i_1_n_0                                                            | rst_IBUF         |               25 |             32 |         1.28 |
| ~alu_pc_reg[31]_i_2_n_0 | test/sdg/regfile[22][31]_i_1_n_0                                                           | rst_IBUF         |               14 |             32 |         2.29 |
| ~alu_pc_reg[31]_i_2_n_0 | test/sdg/regfile[25][31]_i_1_n_0                                                           | rst_IBUF         |               14 |             32 |         2.29 |
| ~alu_pc_reg[31]_i_2_n_0 | test/sdg/regfile[18][31]_i_1_n_0                                                           | rst_IBUF         |               10 |             32 |         3.20 |
| ~alu_pc_reg[31]_i_2_n_0 | test/sdg/regfile[24][31]_i_1_n_0                                                           | rst_IBUF         |               15 |             32 |         2.13 |
| ~alu_pc_reg[31]_i_2_n_0 | test/sdg/regfile[13][31]_i_1_n_0                                                           | rst_IBUF         |               19 |             32 |         1.68 |
| ~alu_pc_reg[31]_i_2_n_0 | test/sdg/regfile[15][31]_i_1_n_0                                                           | rst_IBUF         |               15 |             32 |         2.13 |
| ~alu_pc_reg[31]_i_2_n_0 | test/sdg/regfile[19][31]_i_1_n_0                                                           | rst_IBUF         |               27 |             32 |         1.19 |
| ~alu_pc_reg[31]_i_2_n_0 | test/sdg/regfile[23][31]_i_1_n_0                                                           | rst_IBUF         |               19 |             32 |         1.68 |
| ~alu_pc_reg[31]_i_2_n_0 | test/sdg/regfile[2][31]_i_1_n_0                                                            | rst_IBUF         |               19 |             32 |         1.68 |
| ~alu_pc_reg[31]_i_2_n_0 | test/sdg/regfile[3][31]_i_1_n_0                                                            | rst_IBUF         |               19 |             32 |         1.68 |
| ~alu_pc_reg[31]_i_2_n_0 | test/sdg/regfile[29][31]_i_1_n_0                                                           | rst_IBUF         |               23 |             32 |         1.39 |
| ~alu_pc_reg[31]_i_2_n_0 | test/sdg/regfile[4][31]_i_1_n_0                                                            | rst_IBUF         |               30 |             32 |         1.07 |
| ~alu_pc_reg[31]_i_2_n_0 | test/sdg/regfile[10][31]_i_1_n_0                                                           | rst_IBUF         |               17 |             32 |         1.88 |
| ~alu_pc_reg[31]_i_2_n_0 | test/sdg/regfile[16][31]_i_1_n_0                                                           | rst_IBUF         |                9 |             32 |         3.56 |
| ~alu_pc_reg[31]_i_2_n_0 | test/sdg/regfile[12][31]_i_1_n_0                                                           | rst_IBUF         |               22 |             32 |         1.45 |
| ~alu_pc_reg[31]_i_2_n_0 | test/sdg/regfile[21][31]_i_1_n_0                                                           | rst_IBUF         |               19 |             32 |         1.68 |
| ~alu_pc_reg[31]_i_2_n_0 | test/sdg/regfile[28][31]_i_1_n_0                                                           | rst_IBUF         |               18 |             32 |         1.78 |
| ~alu_pc_reg[31]_i_2_n_0 | test/sdg/regfile[26][31]_i_1_n_0                                                           | rst_IBUF         |               17 |             32 |         1.88 |
| ~alu_pc_reg[31]_i_2_n_0 | test/sdg/regfile[5][31]_i_1_n_0                                                            | rst_IBUF         |               22 |             32 |         1.45 |
| ~alu_pc_reg[31]_i_2_n_0 | test/sdg/regfile[20][31]_i_1_n_0                                                           | rst_IBUF         |               18 |             32 |         1.78 |
| ~alu_pc_reg[31]_i_2_n_0 | test/sdg/regfile[6][31]_i_1_n_0                                                            | rst_IBUF         |               22 |             32 |         1.45 |
| ~alu_pc_reg[31]_i_2_n_0 | test/sdg/regfile[7][31]_i_1_n_0                                                            | rst_IBUF         |               19 |             32 |         1.68 |
| ~alu_pc_reg[31]_i_2_n_0 | test/sdg/regfile[30][31]_i_1_n_0                                                           | rst_IBUF         |               18 |             32 |         1.78 |
| ~alu_pc_reg[31]_i_2_n_0 | test/sdg/regfile[9][31]_i_1_n_0                                                            | rst_IBUF         |               20 |             32 |         1.60 |
| ~alu_pc_reg[31]_i_2_n_0 | test/data/U0/synth_options.dist_mem_inst/gen_dp_ram.dpram_inst/ram_reg_0_127_0_0_i_1_n_0   |                  |               32 |            128 |         4.00 |
| ~alu_pc_reg[31]_i_2_n_0 | test/data/U0/synth_options.dist_mem_inst/gen_dp_ram.dpram_inst/ram_reg_128_255_0_0_i_1_n_0 |                  |               32 |            128 |         4.00 |
+-------------------------+--------------------------------------------------------------------------------------------+------------------+------------------+----------------+--------------+


